<area shape="rect" href="$_io_functions_8h.html" title="IoFunctions.h" alt="" coords="659,80,757,106">
<area shape="rect" href="$_threading_8h.html" title="Threading.h" alt="" coords="823,80,911,106">
<area shape="rect" href="$_call_back_8h.html" title="CallBack.h" alt="" coords="1071,154,1153,181">
<area shape="rect" href="$_encoding___chunked_8h.html" title="Modules/Encoding_Chunked.h" alt="" coords="849,154,1047,181">
<area shape="rect" href="$_h_t_t_p_core_8h.html" title="HTTPCore.h" alt="" coords="641,154,732,181">
<area shape="rect" href="$_build_8h.html" title="Build.h" alt="" coords="5,229,67,256">
<area shape="rect" href="$_h_t_t_p_8h.html" title="HTTP.h" alt="" coords="1011,229,1075,256">
<area shape="rect" href="$base64_8h.html" title="Authentication/base64.h" alt="" coords="91,229,251,256">
<area shape="rect" href="$ntlm_8h.html" title="Authentication/ntlm.h" alt="" coords="275,229,419,256">
<area shape="rect" href="$digest_8h.html" title="Authentication/digest.h" alt="" coords="443,229,597,256">
