<area shape="rect" href="$_call_back_8h.html" title="C:/fscan/HTTPCore/CallBack.h" alt="" coords="829,80,1029,106">
<area shape="rect" href="$_h_t_t_p_core_8h.html" title="C:/fscan/HTTPCore/HTTPCore.h" alt="" coords="572,80,777,106">
<area shape="rect" href="$_encoding___chunked_8h.html" title="C:/fscan/HTTPCore/Modules/Encoding_Chunked.h" alt="" coords="5,154,317,181">
<area shape="rect" href="$_log_file_8h.html" title="C:/fscan/HTTPCore/Modules/LogFile.h" alt="" coords="1111,80,1353,106">
<area shape="rect" href="$_call_back_8cpp.html" title="C:/fscan/HTTPCore/CallBack.cpp" alt="" coords="795,154,1008,181">
<area shape="rect" href="$_h_t_t_p_8cpp.html" title="C:/fscan/HTTPCore/HTTP.cpp" alt="" coords="579,154,771,181">
<area shape="rect" href="$_h_t_t_p_core_8cpp.html" title="C:/fscan/HTTPCore/HTTPCore.cpp" alt="" coords="641,229,860,256">
<area shape="rect" href="$_encoding___chunked_8cpp.html" title="C:/fscan/HTTPCore/Modules/Encoding_Chunked.cpp" alt="" coords="292,229,617,256">
<area shape="rect" href="$_log_file_8cpp.html" title="C:/fscan/HTTPCore/Modules/LogFile.cpp" alt="" coords="1133,154,1389,181">
<area shape="rect" href="$_io_functions_8h.html" title="C:/fscan/HTTPCore/IoFunctions.h" alt="" coords="341,154,555,181">
<area shape="rect" href="$_io_functions_8cpp.html" title="C:/fscan/HTTPCore/IoFunctions.cpp" alt="" coords="41,229,268,256">
