<area shape="rect" href="$_h_t_t_p_8cpp.html#28ca7c4504b00cdc37bf6db830cfea1e" title="This function is used to securely append data to a buffer." alt="" coords="221,5,288,32">
<area shape="rect" href="$base64_8cpp.html#c75afaaf8635b8cd248c2fb09cf67b39" title="Base64Encode" alt="" coords="200,56,309,82">
<area shape="rect" href="$ntlm_8cpp.html#e1d82be544b1ff98e945605a516123c8" title="BuildAuthRequest" alt="" coords="192,106,317,133">
<area shape="rect" href="$ntlm_8cpp.html#6dab18a1aabcc005a01d0d7621891fc3" title="buildAuthResponse" alt="" coords="188,157,321,184">
<area shape="rect" href="$digest_8cpp.html#f40f172f36e80a12f4fc94e01d80a7ea" title="CreateDigestAuth" alt="" coords="193,208,316,234">
<area shape="rect" href="$_h_t_t_p_core_8cpp.html#cf1ce3329f1c2cbc026f6365358cd4d8" title="DispatchHTTPRequest" alt="" coords="179,258,331,285">
<area shape="rect" href="$ntlm_8cpp.html#ff3d2a9ff6b63731cb6fc081d75f752f" title="dumpAuthChallenge" alt="" coords="187,309,323,336">
<area shape="rect" href="$_h_t_t_p_8cpp.html#c4cacebba3ae13733d2f4d71e9505ccf" title="This function destroys a _request struct returned by SendHttpRequest() and free reserved..." alt="" coords="207,360,303,386">
<area shape="rect" href="$ntlm_8cpp.html#1a4d8bbc6bbcf05c8f8265c60a7db44c" title="from64tobits" alt="" coords="209,410,300,437">
<area shape="rect" href="$_h_t_t_p_8cpp.html#b00ee47bf2eef8ce45ed40a9fc9904d0" title="This function is used to get a header returned by the HTTP server by using the header..." alt="" coords="599,486,713,513">
<area shape="rect" href="$_h_t_t_p_core_8cpp.html#da3419073817e6c8b87a8d9e19290b3e" title="This function Initializes an HTTP_DATA struct with the headers and and data sent..." alt="" coords="207,512,303,538">
<area shape="rect" href="$_h_t_t_p_8cpp.html#052d4b29b977ed9df7ad668df1b7691a" title="This function generates and fills a REQUEST struct with the HTTP request and response..." alt="" coords="185,461,324,488">
<area shape="rect" href="$ntlm_8cpp.html#018ba84909004bcb57dc0c7c8dbd4d12" title="to64frombits" alt="" coords="209,613,300,640">
<area shape="rect" href="$base64_8cpp.html#bde40683e323e5537b9fe22751289b50" title="Base64EncodeGetLength" alt="" coords="380,56,548,82">
<area shape="rect" href="$md5_8cpp.html#cac80357babe527308d4465aa7fb0943" title="Getmd5Hash" alt="" coords="416,208,512,234">
<area shape="rect" href="$md5_8cpp.html#d03f7eb3d538f4f4d1efccd6a8f4cc41" title="md5_finish" alt="" coords="615,208,697,234">
<area shape="rect" href="$md5_8cpp.html#3aedc084a6c08779194048bcf3475671" title="md5_update" alt="" coords="764,233,855,260">
<area shape="rect" href="$md5_8cpp.html#a02eecc96ae60700450d36e81e0e2f11" title="md5_starts" alt="" coords="613,157,699,184">
<area shape="rect" href="$md5_8cpp.html#72d173e54f6db700a6d0939df6889b61" title="md5_process" alt="" coords="905,233,1004,260">
<area shape="rect" href="$_h_t_t_p_core_8cpp.html#6dbeec146e0ad13bf74132d33c7cecf8" title="This function deallocates the memory of an an HTTP_DATA struct." alt="" coords="411,360,517,386">
<area shape="rect" href="$_h_t_t_p_8cpp.html#12b839d57c43cf562c91a6342b68727d" title="This function search for the &quot;Server:&quot; Header at a server response." alt="" coords="403,512,525,538">
<area shape="rect" href="$_h_t_t_p_8cpp.html#4622d413bcf1164f3364db8f9cda7315" title="This function enumerates all valid authentication schemes supported by the remote..." alt="" coords="392,410,536,437">
